MODEL

VARIABLES
$cse1(qN=$cse1, alias=noAlias, category=algebraic, iValue=None, id=0, MPGOSname=ACC[0])
elmt_cell.elmt_C2_conc(qN=elmt_cell.elmt_C2_conc, alias=noAlias, category=algebraic, iValue=0.0, id=1, MPGOSname=ACC[1])
elmt_cell.elmt_CP_conc(qN=elmt_cell.elmt_CP_conc, alias=noAlias, category=algebraic, iValue=(0.75 / X[26]), id=2, MPGOSname=ACC[2])
elmt_cell.elmt_CT_amount(qN=elmt_cell.elmt_CT_amount, alias=noAlias, category=algebraic, iValue=((ACC[1] + (ACC[2] + (ACC[6] + ACC[20]))) * X[26]), id=3, MPGOSname=ACC[3])
elmt_cell.elmt_CT_conc(qN=elmt_cell.elmt_CT_conc, alias=noAlias, category=algebraic, iValue=None, id=4, MPGOSname=ACC[4])
elmt_cell.elmt_EmptySet_conc(qN=elmt_cell.elmt_EmptySet_conc, alias=noAlias, category=algebraic, iValue=0.0, id=5, MPGOSname=ACC[5])
elmt_cell.elmt_M_conc(qN=elmt_cell.elmt_M_conc, alias=noAlias, category=algebraic, iValue=0.0, id=6, MPGOSname=ACC[6])
elmt_cell.elmt_Reaction1(qN=elmt_cell.elmt_Reaction1, alias=noAlias, category=algebraic, iValue=None, id=7, MPGOSname=ACC[7])
elmt_cell.elmt_Reaction2(qN=elmt_cell.elmt_Reaction2, alias=noAlias, category=algebraic, iValue=None, id=8, MPGOSname=ACC[8])
elmt_cell.elmt_Reaction3(qN=elmt_cell.elmt_Reaction3, alias=noAlias, category=algebraic, iValue=None, id=9, MPGOSname=ACC[9])
elmt_cell.elmt_Reaction4(qN=elmt_cell.elmt_Reaction4, alias=noAlias, category=algebraic, iValue=None, id=10, MPGOSname=ACC[10])
elmt_cell.elmt_Reaction5(qN=elmt_cell.elmt_Reaction5, alias=noAlias, category=algebraic, iValue=None, id=11, MPGOSname=ACC[11])
elmt_cell.elmt_Reaction6(qN=elmt_cell.elmt_Reaction6, alias=noAlias, category=algebraic, iValue=None, id=12, MPGOSname=ACC[12])
elmt_cell.elmt_Reaction7(qN=elmt_cell.elmt_Reaction7, alias=noAlias, category=algebraic, iValue=None, id=13, MPGOSname=ACC[13])
elmt_cell.elmt_Reaction8(qN=elmt_cell.elmt_Reaction8, alias=noAlias, category=algebraic, iValue=None, id=14, MPGOSname=ACC[14])
elmt_cell.elmt_Reaction9(qN=elmt_cell.elmt_Reaction9, alias=noAlias, category=algebraic, iValue=(X[26] * (ACC[20] * (sPAR[9] + (sPAR[8] * pow((ACC[6] / ACC[4]),2.0))))), id=15, MPGOSname=ACC[15])
elmt_cell.elmt_YP_conc(qN=elmt_cell.elmt_YP_conc, alias=noAlias, category=algebraic, iValue=0.0, id=16, MPGOSname=ACC[16])
elmt_cell.elmt_YT_amount(qN=elmt_cell.elmt_YT_amount, alias=noAlias, category=algebraic, iValue=((ACC[19] + (ACC[16] + (ACC[6] + ACC[20]))) * X[26]), id=17, MPGOSname=ACC[17])
elmt_cell.elmt_YT_conc(qN=elmt_cell.elmt_YT_conc, alias=noAlias, category=algebraic, iValue=None, id=18, MPGOSname=ACC[18])
elmt_cell.elmt_Y_conc(qN=elmt_cell.elmt_Y_conc, alias=noAlias, category=algebraic, iValue=0.0, id=19, MPGOSname=ACC[19])
elmt_cell.elmt_pM_conc(qN=elmt_cell.elmt_pM_conc, alias=noAlias, category=algebraic, iValue=(0.25 / X[26]), id=20, MPGOSname=ACC[20])
Reacs.elmt_Reaction1_elmt_k6(qN=Reacs.elmt_Reaction1_elmt_k6, alias=noAlias, category=independentParameter, iValue=1.0, id=0, MPGOSname=sPAR[0])
Reacs.elmt_Reaction2_elmt_k8notP(qN=Reacs.elmt_Reaction2_elmt_k8notP, alias=noAlias, category=independentParameter, iValue=1000000.0, id=1, MPGOSname=sPAR[1])
Reacs.elmt_Reaction3_elmt_k9(qN=Reacs.elmt_Reaction3_elmt_k9, alias=noAlias, category=independentParameter, iValue=1000.0, id=2, MPGOSname=sPAR[2])
Reacs.elmt_Reaction4_elmt_k3(qN=Reacs.elmt_Reaction4_elmt_k3, alias=noAlias, category=independentParameter, iValue=200.0, id=3, MPGOSname=sPAR[3])
Reacs.elmt_Reaction5_elmt_k5notP(qN=Reacs.elmt_Reaction5_elmt_k5notP, alias=noAlias, category=independentParameter, iValue=0.0, id=4, MPGOSname=sPAR[4])
Reacs.elmt_Reaction6_elmt_k1aa(qN=Reacs.elmt_Reaction6_elmt_k1aa, alias=noAlias, category=independentParameter, iValue=0.015, id=5, MPGOSname=sPAR[5])
Reacs.elmt_Reaction7_elmt_k2(qN=Reacs.elmt_Reaction7_elmt_k2, alias=noAlias, category=independentParameter, iValue=0.0, id=6, MPGOSname=sPAR[6])
Reacs.elmt_Reaction8_elmt_k7(qN=Reacs.elmt_Reaction8_elmt_k7, alias=noAlias, category=independentParameter, iValue=0.6, id=7, MPGOSname=sPAR[7])
Reacs.elmt_Reaction9_elmt_k4(qN=Reacs.elmt_Reaction9_elmt_k4, alias=noAlias, category=independentParameter, iValue=180.0, id=8, MPGOSname=sPAR[8])
Reacs.elmt_Reaction9_elmt_k4prime(qN=Reacs.elmt_Reaction9_elmt_k4prime, alias=noAlias, category=independentParameter, iValue=0.018, id=9, MPGOSname=sPAR[9])
Reacs.elmt_product1(qN=Reacs.elmt_product1, alias=noAlias, category=state, iValue=1.0, id=0, MPGOSname=X[0])
Reacs.elmt_product11(qN=Reacs.elmt_product11, alias=noAlias, category=state, iValue=1.0, id=1, MPGOSname=X[1])
Reacs.elmt_product13(qN=Reacs.elmt_product13, alias=noAlias, category=state, iValue=1.0, id=2, MPGOSname=X[2])
Reacs.elmt_product15(qN=Reacs.elmt_product15, alias=noAlias, category=state, iValue=1.0, id=3, MPGOSname=X[3])
Reacs.elmt_product17(qN=Reacs.elmt_product17, alias=noAlias, category=state, iValue=1.0, id=4, MPGOSname=X[4])
Reacs.elmt_product19(qN=Reacs.elmt_product19, alias=noAlias, category=state, iValue=1.0, id=5, MPGOSname=X[5])
Reacs.elmt_product2(qN=Reacs.elmt_product2, alias=noAlias, category=state, iValue=1.0, id=6, MPGOSname=X[6])
Reacs.elmt_product4(qN=Reacs.elmt_product4, alias=noAlias, category=state, iValue=1.0, id=7, MPGOSname=X[7])
Reacs.elmt_product6(qN=Reacs.elmt_product6, alias=noAlias, category=state, iValue=1.0, id=8, MPGOSname=X[8])
Reacs.elmt_product9(qN=Reacs.elmt_product9, alias=noAlias, category=state, iValue=1.0, id=9, MPGOSname=X[9])
Reacs.elmt_reactant0(qN=Reacs.elmt_reactant0, alias=noAlias, category=state, iValue=1.0, id=10, MPGOSname=X[10])
Reacs.elmt_reactant10(qN=Reacs.elmt_reactant10, alias=noAlias, category=state, iValue=1.0, id=11, MPGOSname=X[11])
Reacs.elmt_reactant12(qN=Reacs.elmt_reactant12, alias=noAlias, category=state, iValue=1.0, id=12, MPGOSname=X[12])
Reacs.elmt_reactant14(qN=Reacs.elmt_reactant14, alias=noAlias, category=state, iValue=1.0, id=13, MPGOSname=X[13])
Reacs.elmt_reactant16(qN=Reacs.elmt_reactant16, alias=noAlias, category=state, iValue=1.0, id=14, MPGOSname=X[14])
Reacs.elmt_reactant18(qN=Reacs.elmt_reactant18, alias=noAlias, category=state, iValue=1.0, id=15, MPGOSname=X[15])
Reacs.elmt_reactant3(qN=Reacs.elmt_reactant3, alias=noAlias, category=state, iValue=1.0, id=16, MPGOSname=X[16])
Reacs.elmt_reactant5(qN=Reacs.elmt_reactant5, alias=noAlias, category=state, iValue=1.0, id=17, MPGOSname=X[17])
Reacs.elmt_reactant7(qN=Reacs.elmt_reactant7, alias=noAlias, category=state, iValue=1.0, id=18, MPGOSname=X[18])
Reacs.elmt_reactant8(qN=Reacs.elmt_reactant8, alias=noAlias, category=state, iValue=1.0, id=19, MPGOSname=X[19])
elmt_cell.elmt_C2_amount(qN=elmt_cell.elmt_C2_amount, alias=noAlias, category=state, iValue=None, id=20, MPGOSname=X[20])
elmt_cell.elmt_CP_amount(qN=elmt_cell.elmt_CP_amount, alias=noAlias, category=state, iValue=None, id=21, MPGOSname=X[21])
elmt_cell.elmt_EmptySet_amount(qN=elmt_cell.elmt_EmptySet_amount, alias=noAlias, category=state, iValue=None, id=22, MPGOSname=X[22])
elmt_cell.elmt_M_amount(qN=elmt_cell.elmt_M_amount, alias=noAlias, category=state, iValue=None, id=23, MPGOSname=X[23])
elmt_cell.elmt_YP_amount(qN=elmt_cell.elmt_YP_amount, alias=noAlias, category=state, iValue=None, id=24, MPGOSname=X[24])
elmt_cell.elmt_Y_amount(qN=elmt_cell.elmt_Y_amount, alias=noAlias, category=state, iValue=None, id=25, MPGOSname=X[25])
elmt_cell.elmt_cell(qN=elmt_cell.elmt_cell, alias=noAlias, category=state, iValue=1.0, id=26, MPGOSname=X[26])
elmt_cell.elmt_pM_amount(qN=elmt_cell.elmt_pM_amount, alias=noAlias, category=state, iValue=None, id=27, MPGOSname=X[27])
der(Reacs.elmt_product1)(qN=Reacs.elmt_product1, alias=noAlias, category=derivative, iValue=None, id=0, MPGOSname=F[0])
der(Reacs.elmt_product11)(qN=Reacs.elmt_product11, alias=noAlias, category=derivative, iValue=None, id=1, MPGOSname=F[1])
der(Reacs.elmt_product13)(qN=Reacs.elmt_product13, alias=noAlias, category=derivative, iValue=None, id=2, MPGOSname=F[2])
der(Reacs.elmt_product15)(qN=Reacs.elmt_product15, alias=noAlias, category=derivative, iValue=None, id=3, MPGOSname=F[3])
der(Reacs.elmt_product17)(qN=Reacs.elmt_product17, alias=noAlias, category=derivative, iValue=None, id=4, MPGOSname=F[4])
der(Reacs.elmt_product19)(qN=Reacs.elmt_product19, alias=noAlias, category=derivative, iValue=None, id=5, MPGOSname=F[5])
der(Reacs.elmt_product2)(qN=Reacs.elmt_product2, alias=noAlias, category=derivative, iValue=None, id=6, MPGOSname=F[6])
der(Reacs.elmt_product4)(qN=Reacs.elmt_product4, alias=noAlias, category=derivative, iValue=None, id=7, MPGOSname=F[7])
der(Reacs.elmt_product6)(qN=Reacs.elmt_product6, alias=noAlias, category=derivative, iValue=None, id=8, MPGOSname=F[8])
der(Reacs.elmt_product9)(qN=Reacs.elmt_product9, alias=noAlias, category=derivative, iValue=None, id=9, MPGOSname=F[9])
der(Reacs.elmt_reactant0)(qN=Reacs.elmt_reactant0, alias=noAlias, category=derivative, iValue=None, id=10, MPGOSname=F[10])
der(Reacs.elmt_reactant10)(qN=Reacs.elmt_reactant10, alias=noAlias, category=derivative, iValue=None, id=11, MPGOSname=F[11])
der(Reacs.elmt_reactant12)(qN=Reacs.elmt_reactant12, alias=noAlias, category=derivative, iValue=None, id=12, MPGOSname=F[12])
der(Reacs.elmt_reactant14)(qN=Reacs.elmt_reactant14, alias=noAlias, category=derivative, iValue=None, id=13, MPGOSname=F[13])
der(Reacs.elmt_reactant16)(qN=Reacs.elmt_reactant16, alias=noAlias, category=derivative, iValue=None, id=14, MPGOSname=F[14])
der(Reacs.elmt_reactant18)(qN=Reacs.elmt_reactant18, alias=noAlias, category=derivative, iValue=None, id=15, MPGOSname=F[15])
der(Reacs.elmt_reactant3)(qN=Reacs.elmt_reactant3, alias=noAlias, category=derivative, iValue=None, id=16, MPGOSname=F[16])
der(Reacs.elmt_reactant5)(qN=Reacs.elmt_reactant5, alias=noAlias, category=derivative, iValue=None, id=17, MPGOSname=F[17])
der(Reacs.elmt_reactant7)(qN=Reacs.elmt_reactant7, alias=noAlias, category=derivative, iValue=None, id=18, MPGOSname=F[18])
der(Reacs.elmt_reactant8)(qN=Reacs.elmt_reactant8, alias=noAlias, category=derivative, iValue=None, id=19, MPGOSname=F[19])
der(elmt_cell.elmt_C2_amount)(qN=elmt_cell.elmt_C2_amount, alias=noAlias, category=derivative, iValue=None, id=20, MPGOSname=F[20])
der(elmt_cell.elmt_CP_amount)(qN=elmt_cell.elmt_CP_amount, alias=noAlias, category=derivative, iValue=None, id=21, MPGOSname=F[21])
der(elmt_cell.elmt_EmptySet_amount)(qN=elmt_cell.elmt_EmptySet_amount, alias=noAlias, category=derivative, iValue=None, id=22, MPGOSname=F[22])
der(elmt_cell.elmt_M_amount)(qN=elmt_cell.elmt_M_amount, alias=noAlias, category=derivative, iValue=None, id=23, MPGOSname=F[23])
der(elmt_cell.elmt_YP_amount)(qN=elmt_cell.elmt_YP_amount, alias=noAlias, category=derivative, iValue=None, id=24, MPGOSname=F[24])
der(elmt_cell.elmt_Y_amount)(qN=elmt_cell.elmt_Y_amount, alias=noAlias, category=derivative, iValue=None, id=25, MPGOSname=F[25])
der(elmt_cell.elmt_cell)(qN=elmt_cell.elmt_cell, alias=noAlias, category=derivative, iValue=None, id=26, MPGOSname=F[26])
der(elmt_cell.elmt_pM_amount)(qN=elmt_cell.elmt_pM_amount, alias=noAlias, category=derivative, iValue=None, id=27, MPGOSname=F[27])

ODE SYSTEM
F[9]=0.0
F[8]=0.0
F[16]=0.0
F[1]=0.0
F[17]=0.0
F[19]=0.0
F[18]=0.0
F[13]=0.0
F[0]=0.0
F[14]=0.0
F[11]=0.0
F[7]=0.0
F[10]=0.0
F[6]=0.0
F[15]=0.0
F[2]=0.0
F[5]=0.0
F[26]=0.0
F[22]=0.0
F[23]=((ACC[15] * X[5]) + (((-(ACC[11])) * X[11]) - (ACC[7] * X[10])))
F[24]=((ACC[7] * X[6]) - (ACC[14] * X[14]))
F[27]=((ACC[11] * X[1]) + ((ACC[10] * X[9]) - (ACC[15] * X[15])))
F[25]=((ACC[12] * X[2]) + (((-(ACC[13])) * X[13]) - (ACC[10] * X[19])))
F[21]=((ACC[8] * X[7]) + (((-(ACC[9])) * X[17]) - (ACC[10] * X[18])))
F[20]=((ACC[9] * X[8]) + ((ACC[7] * X[0]) - (ACC[8] * X[16])))
F[4]=0.0
F[3]=0.0
F[12]=0.0

INITIAL EQUATIONS
(initial, elmt_cell_elmt_C2_conc = 0.0)
(initial, elmt_cell_elmt_EmptySet_conc = 0.0)
(initial, elmt_cell_elmt_M_conc = 0.0)
(initial, elmt_cell_elmt_YP_conc = 0.0)
(initial, elmt_cell_elmt_Y_conc = 0.0)
(initial, Reacs_elmt_Reaction1_elmt_k6 = 1.0)
(initial, Reacs_elmt_Reaction2_elmt_k8notP = 1000000.0)
(initial, Reacs_elmt_Reaction3_elmt_k9 = 1000.0)
(initial, Reacs_elmt_Reaction4_elmt_k3 = 200.0)
(initial, Reacs_elmt_Reaction5_elmt_k5notP = 0.0)
(initial, Reacs_elmt_Reaction6_elmt_k1aa = 0.015)
(initial, Reacs_elmt_Reaction7_elmt_k2 = 0.0)
(initial, Reacs_elmt_Reaction8_elmt_k7 = 0.6)
(initial, Reacs_elmt_Reaction9_elmt_k4 = 180.0)
(initial, Reacs_elmt_Reaction9_elmt_k4prime = 0.018)
(initial, Reacs_elmt_product1 = 1.0)
(initial, Reacs_elmt_product11 = 1.0)
(initial, Reacs_elmt_product13 = 1.0)
(initial, Reacs_elmt_product15 = 1.0)
(initial, Reacs_elmt_product17 = 1.0)
(initial, Reacs_elmt_product19 = 1.0)
(initial, Reacs_elmt_product2 = 1.0)
(initial, Reacs_elmt_product4 = 1.0)
(initial, Reacs_elmt_product6 = 1.0)
(initial, Reacs_elmt_product9 = 1.0)
(initial, Reacs_elmt_reactant0 = 1.0)
(initial, Reacs_elmt_reactant10 = 1.0)
(initial, Reacs_elmt_reactant12 = 1.0)
(initial, Reacs_elmt_reactant14 = 1.0)
(initial, Reacs_elmt_reactant16 = 1.0)
(initial, Reacs_elmt_reactant18 = 1.0)
(initial, Reacs_elmt_reactant3 = 1.0)
(initial, Reacs_elmt_reactant5 = 1.0)
(initial, Reacs_elmt_reactant7 = 1.0)
(initial, Reacs_elmt_reactant8 = 1.0)
(initial, elmt_cell_elmt_cell = 1.0)
(initialization, ACC[2] = (0.75 / X[26]))
(initialization, ACC[3] = ((ACC[1] + (ACC[2] + (ACC[6] + ACC[20]))) * X[26]))
(initialization, ACC[15] = (X[26] * (ACC[20] * (sPAR[9] + (sPAR[8] * pow((ACC[6] / ACC[4]),2.0))))))
(initialization, ACC[17] = ((ACC[19] + (ACC[16] + (ACC[6] + ACC[20]))) * X[26]))
(initialization, ACC[20] = (0.25 / X[26]))
(initialization, ACC[12]=(X[26] * sPAR[5]))
(initialization, ACC[13]=(X[26] * (sPAR[6] * ACC[19])))
(initialization, ACC[7]=(X[26] * (sPAR[0] * ACC[6])))
(initialization, ACC[11]=(X[26] * (sPAR[4] * ACC[6])))
(initialization, ACC[0]=pow((ACC[6] / ACC[4]),2.0))
(initialization, ACC[14]=(X[26] * (sPAR[7] * ACC[16])))
(initialization, ACC[9]=(X[26] * (ACC[2] * sPAR[2])))
(initialization, ACC[10]=(X[26] * (ACC[2] * (sPAR[3] * ACC[19]))))
(initialization, ACC[8]=(X[26] * (ACC[1] * sPAR[1])))

EVENTS


OTHER EQUATIONS
(normal, ACC[12]=(X[26] * sPAR[5]))
(normal, ACC[17]=((ACC[19] + (ACC[16] + (ACC[6] + ACC[20]))) * X[26]))
(normal, ACC[3]=((ACC[1] + (ACC[2] + (ACC[6] + ACC[20]))) * X[26]))
(normal, ACC[13]=(X[26] * (sPAR[6] * ACC[19])))
(normal, ACC[7]=(X[26] * (sPAR[0] * ACC[6])))
(normal, ACC[11]=(X[26] * (sPAR[4] * ACC[6])))
(normal, ACC[0]=pow((ACC[6] / ACC[4]),2.0))
(normal, ACC[15]=(X[26] * (ACC[20] * (sPAR[9] + (sPAR[8] * ACC[0])))))
(normal, ACC[14]=(X[26] * (sPAR[7] * ACC[16])))
(normal, ACC[9]=(X[26] * (ACC[2] * sPAR[2])))
(normal, ACC[10]=(X[26] * (ACC[2] * (sPAR[3] * ACC[19]))))
(normal, ACC[8]=(X[26] * (ACC[1] * sPAR[1])))
