VARIABLE
$whenCondition1(qN=$whenCondition1, alias=noAlias, category=algebraic, iValue=None, id=0, MPGOSname=ACCi[0])
$whenCondition2(qN=$whenCondition2, alias=noAlias, category=algebraic, iValue=None, id=1, MPGOSname=ACCi[1])
done(qN=done, alias=noAlias, category=algebraic, iValue=0, id=2, MPGOSname=ACCi[2])
e(qN=e, alias=noAlias, category=independentParameter, iValue=0.8, id=0, MPGOSname=sPAR[0])
h0(qN=h0, alias=noAlias, category=independentParameter, iValue=1.0, id=1, MPGOSname=sPAR[1])
eps(qN=eps, alias=noAlias, category=independentConstant, iValue=None, id=2, MPGOSname=sPAR[2])
h(qN=h, alias=noAlias, category=state, iValue=sPAR[1], id=0, MPGOSname=X[0])
v(qN=v, alias=noAlias, category=state, iValue=0.0, id=1, MPGOSname=X[1])
der(h)(qN=h, alias=noAlias, category=derivative, iValue=None, id=0, MPGOSname=F[0])
der(v)(qN=v, alias=noAlias, category=derivative, iValue=None, id=1, MPGOSname=F[1])

INITIAL EQUATIONS
ACCi[2]=0
X[0]=sPAR[1]

FUNCTIONS


EQUATIONS
ACCi[1]=X[0] < -0.001
ACCi[0]=X[0] < 0.0
F[1]=(ACCi[2] ? 0.0 : -9.81)
F[0]=X[1]

EVENTS
if (ACCi[1] || ACCi[0]){
	ACCi[2]=X[0] < -0.001
}
if (ACCi[1] || ACCi[0]){
	X[1]=((-(sPAR[0])) * (X[0] < -0.001 ? 0.0 : X[1]))
}

ALGORITHMS


ODE SYSTEM

F[1]=(ACCi[2] ? 0.0 : -9.81)
F[0]=X[1]
