VARIABLE
RealScalarVariable(name=h, variability=continuous, alias=noAlias, categoryType=state, qualifiedName=h, description=None, start=h0, fixed=True)
RealScalarVariable(name=v, variability=continuous, alias=noAlias, categoryType=state, qualifiedName=v, description=None, start=0.0, fixed=true)
RealScalarVariable(name=der(h), variability=continuous, alias=noAlias, categoryType=derivative, qualifiedName=h, description=None, start=None, fixed=None)
RealScalarVariable(name=der(v), variability=continuous, alias=noAlias, categoryType=derivative, qualifiedName=v, description=None, start=None, fixed=None)
BooleanScalarVariable(name=$whenCondition1, variability=discrete, alias=noAlias, categoryType=algebraic, qualifiedName=$whenCondition1, description=None, start=None, fixed=None)
BooleanScalarVariable(name=$whenCondition2, variability=discrete, alias=noAlias, categoryType=algebraic, qualifiedName=$whenCondition2, description=None, start=None, fixed=None)
BooleanScalarVariable(name=done, variability=discrete, alias=noAlias, categoryType=algebraic, qualifiedName=done, description=None, start=0, fixed=True)
RealScalarVariable(name=e, variability=parameter, alias=noAlias, categoryType=independentParameter, qualifiedName=e, description=None, start=0.8, fixed=true)
RealScalarVariable(name=h0, variability=parameter, alias=noAlias, categoryType=independentParameter, qualifiedName=h0, description=None, start=1.0, fixed=true)
RealScalarVariable(name=eps, variability=constant, alias=noAlias, categoryType=independentConstant, qualifiedName=eps, description=None, start=None, fixed=None)

INITIAL EQUATIONS
v=0.0
v=$START.v
$PRE.v=v
done=0
$PRE.done=done
h=h0

FUNCTIONS


EQUATIONS
$whenCondition2=h < -0.001
$whenCondition1=h < 0.0
der(v)=(done ? 0.0 : -9.81)
der(h)=v

EVENTS
if ($whenCondition2 || $whenCondition1){
	done=h < -0.001
}
if ($whenCondition2 || $whenCondition1){
	v=((-(e)) * (h < -0.001 ? 0.0 : pre(v)))
}
