MODEL

VARIABLES
$cse1(qN=$cse1, alias=noAlias, category=algebraic, iValue=None, id=0, MPGOSname=ACC[0])
$cse2(qN=$cse2, alias=noAlias, category=algebraic, iValue=None, id=1, MPGOSname=ACC[1])
elmt_CYTOPLASM.elmt_M_conc(qN=elmt_CYTOPLASM.elmt_M_conc, alias=noAlias, category=algebraic, iValue=0.1, id=2, MPGOSname=ACC[2])
elmt_CYTOPLASM.elmt_P0_conc(qN=elmt_CYTOPLASM.elmt_P0_conc, alias=noAlias, category=algebraic, iValue=0.25, id=3, MPGOSname=ACC[3])
elmt_CYTOPLASM.elmt_P1_conc(qN=elmt_CYTOPLASM.elmt_P1_conc, alias=noAlias, category=algebraic, iValue=0.25, id=4, MPGOSname=ACC[4])
elmt_CYTOPLASM.elmt_P2_conc(qN=elmt_CYTOPLASM.elmt_P2_conc, alias=noAlias, category=algebraic, iValue=0.25, id=5, MPGOSname=ACC[5])
elmt_CYTOPLASM.elmt_Pt_amount(qN=elmt_CYTOPLASM.elmt_Pt_amount, alias=noAlias, category=algebraic, iValue=((ACC[3] + (ACC[4] + (ACC[5] + ACC[16]))) * X[20]), id=6, MPGOSname=ACC[6])
elmt_CYTOPLASM.elmt_Pt_conc(qN=elmt_CYTOPLASM.elmt_Pt_conc, alias=noAlias, category=algebraic, iValue=None, id=7, MPGOSname=ACC[7])
elmt_CYTOPLASM.elmt_rM(qN=elmt_CYTOPLASM.elmt_rM, alias=noAlias, category=algebraic, iValue=(X[28] * (sPAR[1] * (pow(sPAR[0],sPAR[2]) / (pow(sPAR[0],sPAR[2]) + pow(ACC[16],sPAR[2]))))), id=8, MPGOSname=ACC[8])
elmt_CYTOPLASM.elmt_rP01(qN=elmt_CYTOPLASM.elmt_rP01, alias=noAlias, category=algebraic, iValue=None, id=9, MPGOSname=ACC[9])
elmt_CYTOPLASM.elmt_rP10(qN=elmt_CYTOPLASM.elmt_rP10, alias=noAlias, category=algebraic, iValue=None, id=10, MPGOSname=ACC[10])
elmt_CYTOPLASM.elmt_rP12(qN=elmt_CYTOPLASM.elmt_rP12, alias=noAlias, category=algebraic, iValue=None, id=11, MPGOSname=ACC[11])
elmt_CYTOPLASM.elmt_rP21(qN=elmt_CYTOPLASM.elmt_rP21, alias=noAlias, category=algebraic, iValue=None, id=12, MPGOSname=ACC[12])
elmt_CYTOPLASM.elmt_rTL(qN=elmt_CYTOPLASM.elmt_rTL, alias=noAlias, category=algebraic, iValue=None, id=13, MPGOSname=ACC[13])
elmt_CYTOPLASM.elmt_rVd(qN=elmt_CYTOPLASM.elmt_rVd, alias=noAlias, category=algebraic, iValue=None, id=14, MPGOSname=ACC[14])
elmt_CYTOPLASM.elmt_rmRNAd(qN=elmt_CYTOPLASM.elmt_rmRNAd, alias=noAlias, category=algebraic, iValue=None, id=15, MPGOSname=ACC[15])
elmt_compartment_0000004.elmt_Pn_conc(qN=elmt_compartment_0000004.elmt_Pn_conc, alias=noAlias, category=algebraic, iValue=0.25, id=16, MPGOSname=ACC[16])
elmt_compartment_0000004.elmt_rP2n(qN=elmt_compartment_0000004.elmt_rP2n, alias=noAlias, category=algebraic, iValue=None, id=17, MPGOSname=ACC[17])
elmt_compartment_0000004.elmt_rPn2(qN=elmt_compartment_0000004.elmt_rPn2, alias=noAlias, category=algebraic, iValue=None, id=18, MPGOSname=ACC[18])
elmt_default.elmt_EmptySet_conc(qN=elmt_default.elmt_EmptySet_conc, alias=noAlias, category=algebraic, iValue=0.0, id=19, MPGOSname=ACC[19])
Reacs.elmt_rM_elmt_KI(qN=Reacs.elmt_rM_elmt_KI, alias=noAlias, category=independentParameter, iValue=1.0, id=0, MPGOSname=sPAR[0])
Reacs.elmt_rM_elmt_Vs(qN=Reacs.elmt_rM_elmt_Vs, alias=noAlias, category=independentParameter, iValue=0.76, id=1, MPGOSname=sPAR[1])
Reacs.elmt_rM_elmt_n(qN=Reacs.elmt_rM_elmt_n, alias=noAlias, category=independentParameter, iValue=4.0, id=2, MPGOSname=sPAR[2])
Reacs.elmt_rP01_elmt_K1(qN=Reacs.elmt_rP01_elmt_K1, alias=noAlias, category=independentParameter, iValue=2.0, id=3, MPGOSname=sPAR[3])
Reacs.elmt_rP01_elmt_V1(qN=Reacs.elmt_rP01_elmt_V1, alias=noAlias, category=independentParameter, iValue=3.2, id=4, MPGOSname=sPAR[4])
Reacs.elmt_rP10_elmt_K2(qN=Reacs.elmt_rP10_elmt_K2, alias=noAlias, category=independentParameter, iValue=2.0, id=5, MPGOSname=sPAR[5])
Reacs.elmt_rP10_elmt_V2(qN=Reacs.elmt_rP10_elmt_V2, alias=noAlias, category=independentParameter, iValue=1.58, id=6, MPGOSname=sPAR[6])
Reacs.elmt_rP12_elmt_K3(qN=Reacs.elmt_rP12_elmt_K3, alias=noAlias, category=independentParameter, iValue=2.0, id=7, MPGOSname=sPAR[7])
Reacs.elmt_rP12_elmt_V3(qN=Reacs.elmt_rP12_elmt_V3, alias=noAlias, category=independentParameter, iValue=5.0, id=8, MPGOSname=sPAR[8])
Reacs.elmt_rP21_elmt_K4(qN=Reacs.elmt_rP21_elmt_K4, alias=noAlias, category=independentParameter, iValue=2.0, id=9, MPGOSname=sPAR[9])
Reacs.elmt_rP21_elmt_V4(qN=Reacs.elmt_rP21_elmt_V4, alias=noAlias, category=independentParameter, iValue=2.5, id=10, MPGOSname=sPAR[10])
Reacs.elmt_rP2n_elmt_k1(qN=Reacs.elmt_rP2n_elmt_k1, alias=noAlias, category=independentParameter, iValue=1.9, id=11, MPGOSname=sPAR[11])
Reacs.elmt_rPn2_elmt_k2(qN=Reacs.elmt_rPn2_elmt_k2, alias=noAlias, category=independentParameter, iValue=1.3, id=12, MPGOSname=sPAR[12])
Reacs.elmt_rTL_elmt_ks(qN=Reacs.elmt_rTL_elmt_ks, alias=noAlias, category=independentParameter, iValue=0.38, id=13, MPGOSname=sPAR[13])
Reacs.elmt_rVd_elmt_Kd(qN=Reacs.elmt_rVd_elmt_Kd, alias=noAlias, category=independentParameter, iValue=0.2, id=14, MPGOSname=sPAR[14])
Reacs.elmt_rVd_elmt_Vd(qN=Reacs.elmt_rVd_elmt_Vd, alias=noAlias, category=independentParameter, iValue=0.95, id=15, MPGOSname=sPAR[15])
Reacs.elmt_rmRNAd_elmt_Km(qN=Reacs.elmt_rmRNAd_elmt_Km, alias=noAlias, category=independentParameter, iValue=0.5, id=16, MPGOSname=sPAR[16])
Reacs.elmt_rmRNAd_elmt_Vm(qN=Reacs.elmt_rmRNAd_elmt_Vm, alias=noAlias, category=independentParameter, iValue=0.65, id=17, MPGOSname=sPAR[17])
Reacs.elmt_product1(qN=Reacs.elmt_product1, alias=noAlias, category=state, iValue=1.0, id=0, MPGOSname=X[0])
Reacs.elmt_product11(qN=Reacs.elmt_product11, alias=noAlias, category=state, iValue=1.0, id=1, MPGOSname=X[1])
Reacs.elmt_product13(qN=Reacs.elmt_product13, alias=noAlias, category=state, iValue=1.0, id=2, MPGOSname=X[2])
Reacs.elmt_product15(qN=Reacs.elmt_product15, alias=noAlias, category=state, iValue=1.0, id=3, MPGOSname=X[3])
Reacs.elmt_product17(qN=Reacs.elmt_product17, alias=noAlias, category=state, iValue=1.0, id=4, MPGOSname=X[4])
Reacs.elmt_product19(qN=Reacs.elmt_product19, alias=noAlias, category=state, iValue=1.0, id=5, MPGOSname=X[5])
Reacs.elmt_product3(qN=Reacs.elmt_product3, alias=noAlias, category=state, iValue=1.0, id=6, MPGOSname=X[6])
Reacs.elmt_product5(qN=Reacs.elmt_product5, alias=noAlias, category=state, iValue=1.0, id=7, MPGOSname=X[7])
Reacs.elmt_product7(qN=Reacs.elmt_product7, alias=noAlias, category=state, iValue=1.0, id=8, MPGOSname=X[8])
Reacs.elmt_product9(qN=Reacs.elmt_product9, alias=noAlias, category=state, iValue=1.0, id=9, MPGOSname=X[9])
Reacs.elmt_reactant0(qN=Reacs.elmt_reactant0, alias=noAlias, category=state, iValue=1.0, id=10, MPGOSname=X[10])
Reacs.elmt_reactant10(qN=Reacs.elmt_reactant10, alias=noAlias, category=state, iValue=1.0, id=11, MPGOSname=X[11])
Reacs.elmt_reactant12(qN=Reacs.elmt_reactant12, alias=noAlias, category=state, iValue=1.0, id=12, MPGOSname=X[12])
Reacs.elmt_reactant14(qN=Reacs.elmt_reactant14, alias=noAlias, category=state, iValue=1.0, id=13, MPGOSname=X[13])
Reacs.elmt_reactant16(qN=Reacs.elmt_reactant16, alias=noAlias, category=state, iValue=1.0, id=14, MPGOSname=X[14])
Reacs.elmt_reactant18(qN=Reacs.elmt_reactant18, alias=noAlias, category=state, iValue=1.0, id=15, MPGOSname=X[15])
Reacs.elmt_reactant2(qN=Reacs.elmt_reactant2, alias=noAlias, category=state, iValue=1.0, id=16, MPGOSname=X[16])
Reacs.elmt_reactant4(qN=Reacs.elmt_reactant4, alias=noAlias, category=state, iValue=1.0, id=17, MPGOSname=X[17])
Reacs.elmt_reactant6(qN=Reacs.elmt_reactant6, alias=noAlias, category=state, iValue=1.0, id=18, MPGOSname=X[18])
Reacs.elmt_reactant8(qN=Reacs.elmt_reactant8, alias=noAlias, category=state, iValue=1.0, id=19, MPGOSname=X[19])
elmt_CYTOPLASM.elmt_CYTOPLASM(qN=elmt_CYTOPLASM.elmt_CYTOPLASM, alias=noAlias, category=state, iValue=1e-15, id=20, MPGOSname=X[20])
elmt_CYTOPLASM.elmt_M_amount(qN=elmt_CYTOPLASM.elmt_M_amount, alias=noAlias, category=state, iValue=None, id=21, MPGOSname=X[21])
elmt_CYTOPLASM.elmt_P0_amount(qN=elmt_CYTOPLASM.elmt_P0_amount, alias=noAlias, category=state, iValue=None, id=22, MPGOSname=X[22])
elmt_CYTOPLASM.elmt_P1_amount(qN=elmt_CYTOPLASM.elmt_P1_amount, alias=noAlias, category=state, iValue=None, id=23, MPGOSname=X[23])
elmt_CYTOPLASM.elmt_P2_amount(qN=elmt_CYTOPLASM.elmt_P2_amount, alias=noAlias, category=state, iValue=None, id=24, MPGOSname=X[24])
elmt_compartment_0000004.elmt_Pn_amount(qN=elmt_compartment_0000004.elmt_Pn_amount, alias=noAlias, category=state, iValue=None, id=25, MPGOSname=X[25])
elmt_compartment_0000004.elmt_compartment_0000004(qN=elmt_compartment_0000004.elmt_compartment_0000004, alias=noAlias, category=state, iValue=1e-15, id=26, MPGOSname=X[26])
elmt_default.elmt_EmptySet_amount(qN=elmt_default.elmt_EmptySet_amount, alias=noAlias, category=state, iValue=None, id=27, MPGOSname=X[27])
elmt_default.elmt_default(qN=elmt_default.elmt_default, alias=noAlias, category=state, iValue=1e-15, id=28, MPGOSname=X[28])
der(Reacs.elmt_product1)(qN=Reacs.elmt_product1, alias=noAlias, category=derivative, iValue=None, id=0, MPGOSname=F[0])
der(Reacs.elmt_product11)(qN=Reacs.elmt_product11, alias=noAlias, category=derivative, iValue=None, id=1, MPGOSname=F[1])
der(Reacs.elmt_product13)(qN=Reacs.elmt_product13, alias=noAlias, category=derivative, iValue=None, id=2, MPGOSname=F[2])
der(Reacs.elmt_product15)(qN=Reacs.elmt_product15, alias=noAlias, category=derivative, iValue=None, id=3, MPGOSname=F[3])
der(Reacs.elmt_product17)(qN=Reacs.elmt_product17, alias=noAlias, category=derivative, iValue=None, id=4, MPGOSname=F[4])
der(Reacs.elmt_product19)(qN=Reacs.elmt_product19, alias=noAlias, category=derivative, iValue=None, id=5, MPGOSname=F[5])
der(Reacs.elmt_product3)(qN=Reacs.elmt_product3, alias=noAlias, category=derivative, iValue=None, id=6, MPGOSname=F[6])
der(Reacs.elmt_product5)(qN=Reacs.elmt_product5, alias=noAlias, category=derivative, iValue=None, id=7, MPGOSname=F[7])
der(Reacs.elmt_product7)(qN=Reacs.elmt_product7, alias=noAlias, category=derivative, iValue=None, id=8, MPGOSname=F[8])
der(Reacs.elmt_product9)(qN=Reacs.elmt_product9, alias=noAlias, category=derivative, iValue=None, id=9, MPGOSname=F[9])
der(Reacs.elmt_reactant0)(qN=Reacs.elmt_reactant0, alias=noAlias, category=derivative, iValue=None, id=10, MPGOSname=F[10])
der(Reacs.elmt_reactant10)(qN=Reacs.elmt_reactant10, alias=noAlias, category=derivative, iValue=None, id=11, MPGOSname=F[11])
der(Reacs.elmt_reactant12)(qN=Reacs.elmt_reactant12, alias=noAlias, category=derivative, iValue=None, id=12, MPGOSname=F[12])
der(Reacs.elmt_reactant14)(qN=Reacs.elmt_reactant14, alias=noAlias, category=derivative, iValue=None, id=13, MPGOSname=F[13])
der(Reacs.elmt_reactant16)(qN=Reacs.elmt_reactant16, alias=noAlias, category=derivative, iValue=None, id=14, MPGOSname=F[14])
der(Reacs.elmt_reactant18)(qN=Reacs.elmt_reactant18, alias=noAlias, category=derivative, iValue=None, id=15, MPGOSname=F[15])
der(Reacs.elmt_reactant2)(qN=Reacs.elmt_reactant2, alias=noAlias, category=derivative, iValue=None, id=16, MPGOSname=F[16])
der(Reacs.elmt_reactant4)(qN=Reacs.elmt_reactant4, alias=noAlias, category=derivative, iValue=None, id=17, MPGOSname=F[17])
der(Reacs.elmt_reactant6)(qN=Reacs.elmt_reactant6, alias=noAlias, category=derivative, iValue=None, id=18, MPGOSname=F[18])
der(Reacs.elmt_reactant8)(qN=Reacs.elmt_reactant8, alias=noAlias, category=derivative, iValue=None, id=19, MPGOSname=F[19])
der(elmt_CYTOPLASM.elmt_CYTOPLASM)(qN=elmt_CYTOPLASM.elmt_CYTOPLASM, alias=noAlias, category=derivative, iValue=None, id=20, MPGOSname=F[20])
der(elmt_CYTOPLASM.elmt_M_amount)(qN=elmt_CYTOPLASM.elmt_M_amount, alias=noAlias, category=derivative, iValue=None, id=21, MPGOSname=F[21])
der(elmt_CYTOPLASM.elmt_P0_amount)(qN=elmt_CYTOPLASM.elmt_P0_amount, alias=noAlias, category=derivative, iValue=None, id=22, MPGOSname=F[22])
der(elmt_CYTOPLASM.elmt_P1_amount)(qN=elmt_CYTOPLASM.elmt_P1_amount, alias=noAlias, category=derivative, iValue=None, id=23, MPGOSname=F[23])
der(elmt_CYTOPLASM.elmt_P2_amount)(qN=elmt_CYTOPLASM.elmt_P2_amount, alias=noAlias, category=derivative, iValue=None, id=24, MPGOSname=F[24])
der(elmt_compartment_0000004.elmt_Pn_amount)(qN=elmt_compartment_0000004.elmt_Pn_amount, alias=noAlias, category=derivative, iValue=None, id=25, MPGOSname=F[25])
der(elmt_compartment_0000004.elmt_compartment_0000004)(qN=elmt_compartment_0000004.elmt_compartment_0000004, alias=noAlias, category=derivative, iValue=None, id=26, MPGOSname=F[26])
der(elmt_default.elmt_EmptySet_amount)(qN=elmt_default.elmt_EmptySet_amount, alias=noAlias, category=derivative, iValue=None, id=27, MPGOSname=F[27])
der(elmt_default.elmt_default)(qN=elmt_default.elmt_default, alias=noAlias, category=derivative, iValue=None, id=28, MPGOSname=F[28])

ODE SYSTEM
F[9]=0.0
F[17]=0.0
F[8]=0.0
F[18]=0.0
F[1]=0.0
F[19]=0.0
F[13]=0.0
F[0]=0.0
F[14]=0.0
F[7]=0.0
F[11]=0.0
F[12]=0.0
F[6]=0.0
F[15]=0.0
F[3]=0.0
F[2]=0.0
F[26]=0.0
F[28]=0.0
F[27]=0.0
F[20]=0.0
F[21]=((ACC[8] * X[0]) - (ACC[15] * X[14]))
F[25]=((ACC[17] * X[2]) - (ACC[18] * X[13]))
F[24]=((ACC[18] * X[3]) + ((ACC[11] * X[9]) + ((((-(ACC[12])) * X[11]) - (ACC[17] * X[12])) - (ACC[14] * X[15]))))
F[22]=((ACC[10] * X[8]) + ((ACC[13] * X[6]) - (ACC[9] * X[17])))
F[23]=((ACC[9] * X[7]) + ((ACC[12] * X[1]) + (((-(ACC[10])) * X[18]) - (ACC[11] * X[19]))))
F[4]=0.0
F[5]=0.0
F[10]=0.0
F[16]=0.0

INITIAL EQUATIONS
(initial, elmt_CYTOPLASM_elmt_M_conc = 0.1)
(initial, elmt_CYTOPLASM_elmt_P0_conc = 0.25)
(initial, elmt_CYTOPLASM_elmt_P1_conc = 0.25)
(initial, elmt_CYTOPLASM_elmt_P2_conc = 0.25)
(initial, elmt_compartment_0000004_elmt_Pn_conc = 0.25)
(initial, elmt_default_elmt_EmptySet_conc = 0.0)
(initial, Reacs_elmt_rM_elmt_KI = 1.0)
(initial, Reacs_elmt_rM_elmt_Vs = 0.76)
(initial, Reacs_elmt_rM_elmt_n = 4.0)
(initial, Reacs_elmt_rP01_elmt_K1 = 2.0)
(initial, Reacs_elmt_rP01_elmt_V1 = 3.2)
(initial, Reacs_elmt_rP10_elmt_K2 = 2.0)
(initial, Reacs_elmt_rP10_elmt_V2 = 1.58)
(initial, Reacs_elmt_rP12_elmt_K3 = 2.0)
(initial, Reacs_elmt_rP12_elmt_V3 = 5.0)
(initial, Reacs_elmt_rP21_elmt_K4 = 2.0)
(initial, Reacs_elmt_rP21_elmt_V4 = 2.5)
(initial, Reacs_elmt_rP2n_elmt_k1 = 1.9)
(initial, Reacs_elmt_rPn2_elmt_k2 = 1.3)
(initial, Reacs_elmt_rTL_elmt_ks = 0.38)
(initial, Reacs_elmt_rVd_elmt_Kd = 0.2)
(initial, Reacs_elmt_rVd_elmt_Vd = 0.95)
(initial, Reacs_elmt_rmRNAd_elmt_Km = 0.5)
(initial, Reacs_elmt_rmRNAd_elmt_Vm = 0.65)
(initial, Reacs_elmt_product1 = 1.0)
(initial, Reacs_elmt_product11 = 1.0)
(initial, Reacs_elmt_product13 = 1.0)
(initial, Reacs_elmt_product15 = 1.0)
(initial, Reacs_elmt_product17 = 1.0)
(initial, Reacs_elmt_product19 = 1.0)
(initial, Reacs_elmt_product3 = 1.0)
(initial, Reacs_elmt_product5 = 1.0)
(initial, Reacs_elmt_product7 = 1.0)
(initial, Reacs_elmt_product9 = 1.0)
(initial, Reacs_elmt_reactant0 = 1.0)
(initial, Reacs_elmt_reactant10 = 1.0)
(initial, Reacs_elmt_reactant12 = 1.0)
(initial, Reacs_elmt_reactant14 = 1.0)
(initial, Reacs_elmt_reactant16 = 1.0)
(initial, Reacs_elmt_reactant18 = 1.0)
(initial, Reacs_elmt_reactant2 = 1.0)
(initial, Reacs_elmt_reactant4 = 1.0)
(initial, Reacs_elmt_reactant6 = 1.0)
(initial, Reacs_elmt_reactant8 = 1.0)
(initial, elmt_CYTOPLASM_elmt_CYTOPLASM = 1e-15)
(initial, elmt_compartment_0000004_elmt_compartment_0000004 = 1e-15)
(initial, elmt_default_elmt_default = 1e-15)
(initialization, ACC[6] = ((ACC[3] + (ACC[4] + (ACC[5] + ACC[16]))) * X[20]))
(initialization, ACC[8] = (X[28] * (sPAR[1] * (pow(sPAR[0],sPAR[2]) / (pow(sPAR[0],sPAR[2]) + pow(ACC[16],sPAR[2]))))))
(initialization, ACC[18] = (sPAR[12] * (ACC[16] * X[26])))
(initialization, ACC[1] = pow(ACC[16],sPAR[2]))
(initialization, ACC[10] = (X[20] * (sPAR[6] * (ACC[4] / (sPAR[5] + ACC[4])))))
(initialization, ACC[11] = (X[20] * (sPAR[8] * (ACC[4] / (sPAR[7] + ACC[4])))))
(initialization, ACC[13] = (sPAR[13] * (ACC[2] * X[28])))
(initialization, ACC[15] = (sPAR[17] * (ACC[2] * (X[20] / (sPAR[16] + ACC[2])))))
(initialization, ACC[17] = (sPAR[11] * (ACC[5] * X[20])))
(initialization, ACC[12] = (X[20] * (sPAR[10] * (ACC[5] / (sPAR[9] + ACC[5])))))
(initialization, ACC[14] = (X[20] * (sPAR[15] * (ACC[5] / (sPAR[14] + ACC[5])))))
(initialization, ACC[9] = (X[20] * (sPAR[4] * (ACC[3] / (sPAR[3] + ACC[3])))))

EVENTS


OTHER EQUATIONS
(normal, ACC[16]=(X[25] / X[26]))
(normal, ACC[19]=(X[27] / X[28]))
(normal, ACC[18]=(sPAR[12] * (ACC[16] * X[26])))
(normal, ACC[1]=pow(ACC[16],sPAR[2]))
(normal, ACC[8]=(X[28] * (sPAR[1] * (ACC[0] / (ACC[0] + ACC[1])))))
(normal, ACC[6]=((ACC[3] + (ACC[4] + (ACC[5] + ACC[16]))) * X[20]))
(normal, ACC[10]=(X[20] * (sPAR[6] * (ACC[4] / (sPAR[5] + ACC[4])))))
(normal, ACC[11]=(X[20] * (sPAR[8] * (ACC[4] / (sPAR[7] + ACC[4])))))
(normal, ACC[13]=(sPAR[13] * (ACC[2] * X[28])))
(normal, ACC[15]=(sPAR[17] * (ACC[2] * (X[20] / (sPAR[16] + ACC[2])))))
(normal, ACC[17]=(sPAR[11] * (ACC[5] * X[20])))
(normal, ACC[12]=(X[20] * (sPAR[10] * (ACC[5] / (sPAR[9] + ACC[5])))))
(normal, ACC[14]=(X[20] * (sPAR[15] * (ACC[5] / (sPAR[14] + ACC[5])))))
(normal, ACC[9]=(X[20] * (sPAR[4] * (ACC[3] / (sPAR[3] + ACC[3])))))
